> Task :app:checkKotlinGradlePluginConfigurationErrors
> Task :app:preBuild UP-TO-DATE
> Task :app:preDebugBuild UP-TO-DATE
> Task :app:checkDebugAarMetadata UP-TO-DATE
> Task :app:generateDebugResValues UP-TO-DATE
> Task :app:mapDebugSourceSetPaths UP-TO-DATE
> Task :app:generateDebugResources UP-TO-DATE
> Task :app:mergeDebugResources UP-TO-DATE
> Task :app:packageDebugResources UP-TO-DATE
> Task :app:parseDebugLocalResources UP-TO-DATE
> Task :app:createDebugCompatibleScreenManifests UP-TO-DATE
> Task :app:extractDeepLinksDebug UP-TO-DATE
> Task :app:processDebugMainManifest UP-TO-DATE
> Task :app:processDebugManifest UP-TO-DATE
> Task :app:processDebugManifestForPackage UP-TO-DATE
> Task :app:processDebugResources UP-TO-DATE

> Task :app:compileDebugKotlin FAILED
gradle.bat : e: file:///C:/Users/Dybro/Desktop/DybroGameRetro/app/src/main/java/com/dybro/retro/MainActivity.kt:80:17 
Unresolved reference: selectedGamePath
En línea: 1 Carácter: 1
+ & "C:\Users\Dybro\.gradle\wrapper\dists\gradle-8.14-all\c2qonpi39x1md ...
+ ~~~~~~~~~~~~~~~~~~~~~~~~~~~~~~~~~~~~~~~~~~~~~~~~~~~~~~~~~~~~~~~~~~~~~
    + CategoryInfo          : NotSpecified: (e: file:///C:/U...electedGamePath:String) [], RemoteException
    + FullyQualifiedErrorId : NativeCommandError
 
e: file:///C:/Users/Dybro/Desktop/DybroGameRetro/app/src/main/java/com/dybro/retro/MainActivity.kt:80:34 Variable 
expected
e: file:///C:/Users/Dybro/Desktop/DybroGameRetro/app/src/main/java/com/dybro/retro/MainActivity.kt:90:17 Unresolved 
reference: SurfaceCompose
e: file:///C:/Users/Dybro/Desktop/DybroGameRetro/app/src/main/java/com/dybro/retro/MainActivity.kt:94:21 @Composable 
invocations can only happen from the context of a @Composable function
e: file:///C:/Users/Dybro/Desktop/DybroGameRetro/app/src/main/java/com/dybro/retro/UIComponents.kt:54:17 None of the 
following functions can be called with the arguments supplied: 
public fun Icon(bitmap: ImageBitmap, contentDescription: String?, modifier: Modifier = ..., tint: Color = ...): Unit 
defined in androidx.compose.material3
public fun Icon(painter: Painter, contentDescription: String?, modifier: Modifier = ..., tint: Color = ...): Unit 
defined in androidx.compose.material3
public fun Icon(imageVector: ImageVector, contentDescription: String?, modifier: Modifier = ..., tint: Color = ...): 
Unit defined in androidx.compose.material3
e: file:///C:/Users/Dybro/Desktop/DybroGameRetro/app/src/main/java/com/dybro/retro/UIComponents.kt:192:46 Unresolved 
reference: ColorLens

[Incubating] Problems report is available at: file:///C:/Users/Dybro/Desktop/DybroGameRetro/build/reports/problems/problems-report.html

FAILURE: Build failed with an exception.

* What went wrong:
Execution failed for task ':app:compileDebugKotlin'.
> A failure occurred while executing 
org.jetbrains.kotlin.compilerRunner.GradleCompilerRunnerWithWorkers$GradleKotlinCompilerWorkAction
   > Compilation error. See log for more details

* Try:
> Run with --stacktrace option to get the stack trace.
> Run with --info or --debug option to get more log output.
> Run with --scan to get full insights.
> Get more help at https://help.gradle.org.

Deprecated Gradle features were used in this build, making it incompatible with Gradle 9.0.

You can use '--warning-mode all' to show the individual deprecation warnings and determine if they come from your own scripts or plugins.

For more on this, please refer to https://docs.gradle.org/8.14/userguide/command_line_interface.html#sec:command_line_warnings in the Gradle documentation.

BUILD FAILED in 9s
15 actionable tasks: 2 executed, 13 up-to-date
